Running Gradle task 'assembleDebug'...                          

FAILURE: Build failed with an exception.

* Where:
Build file 'D:\Yazilim_Projeleri\meme_sagligi_asistani\android\build.gradle.kts' line: 23

* What went wrong:
Cannot run Project.afterEvaluate(Action) when the project is already evaluated.

* Try:
> Run with --stacktrace option to get the stack trace.
> Run with --info or --debug option to get more log output.
> Run with --scan to get full insights.
> Get more help at https://help.gradle.org.

BUILD FAILED in 2s
Running Gradle task 'assembleDebug'...                           2.687ms
Gradle task assembleDebug failed with exit code 1
